// Jest Snapshot v1, https://goo.gl/fbAQLP

exports[`Pruebas para todoApp Se deberia cargar el documento correctamente 1`] = `
<Fragment>
  <div
    className="row"
  >
    <div
      className="col-12 col-md-4 my-auto"
    >
      <h1>
        TodoApp
      </h1>
    </div>
    <div
      className="col-12 col-md-8 my-auto"
    >
      <TodoAdd
        guardarTarea={[Function]}
      />
    </div>
  </div>
  <hr />
  <div
    className="row"
  >
    <div
      className="col-12 p-3"
    />
  </div>
</Fragment>
`;
