// Jest Snapshot v1, https://goo.gl/fbAQLP

exports[`Pruebas del loginScreen Deberia cargar correctamente 1`] = `
Array [
  <h1>
    LoginScreen
  </h1>,
  <hr />,
  <button
    className="btn btn-info"
    onClick={[Function]}
  >
    Login
  </button>,
]
`;
